[happilyhosein.com/index.html]
[backblue.gif]
[fade.gif]
[index.html]
[happilyhosein.com/wp-content/uploads/2019/10/IMG_6608_Fotor-1024x683.jpg]
[happilyhosein.com/wp-content/uploads/2019/10/IMG_6608_Fotor.jpg]
[happilyhosein.com/feed/index.html]
[happilyhosein.com/comments/feed/index.html]
[happilyhosein.com/wp-includes/css/dist/block-library/style.min6e7a.css]
[happilyhosein.com/wp-content/plugins/contact-form-7/includes/css/styles58e0.css]
[happilyhosein.com/wp-content/themes/stack/style6e7a.css]
[happilyhosein.com/wp-content/themes/stack-child/stylea741.css]
[happilyhosein.com/wp-content/plugins/js_composer/assets/css/js_composer.min1eb7.css]
[happilyhosein.com/wp-content/themes/stack/style/css/bootstrapa741.css]
[happilyhosein.com/wp-content/themes/stack/style/css/iconsa741.css]
[happilyhosein.com/wp-content/themes/stack/style/css/pluginsa741.css]
[happilyhosein.com/wp-content/uploads/wp-less/stack/style/css/theme-3184233f84.css]
[happilyhosein.com/wp-content/themes/stack/style/css/iconsminda741.css]
[happilyhosein.com/wp-includes/js/jquery/jquery4a5f.js]
[happilyhosein.com/wp-includes/js/jquery/jquery-migrate.min330a.js]
[happilyhosein.com/xmlrpc0db0.php]
[happilyhosein.com/wp-includes/wlwmanifest.xml]
[happilyhosein.com/wp-json/index.html]
[happilyhosein.com/wp-json/oembed/1.0/embed58c5.json]
[happilyhosein.com/wp-json/oembed/1.0/embed44ba]
[happilyhosein.com/wp-content/uploads/2019/11/cropped-favicon-32x32.png]
[happilyhosein.com/wp-content/uploads/2019/11/cropped-favicon-192x192.png]
[happilyhosein.com/wp-content/uploads/2019/11/cropped-favicon-180x180.png]
[happilyhosein.com/wp-content/uploads/2020/06/IMG_6608_Fotor-compressor.jpg]
[happilyhosein.com/wp-content/uploads/2019/10/ezgif-4-ff859f20b90d.png]
[happilyhosein.com/wp-content/plugins/js_composer/assets/lib/bower/animate-css/animate.min1eb7.css]
[happilyhosein.com/wedding-live-stream/index.html]
[happilyhosein.com/parking/index.html]
[happilyhosein.com/wp-content/plugins/js_composer/assets/lib/bower/font-awesome/css/font-awesome.min1eb7.css]
[happilyhosein.com/wp-content/plugins/contact-form-7/includes/js/scripts58e0.js]
[happilyhosein.com/wp-content/themes/stack/style/js/parallaxa741.js]
[happilyhosein.com/wp-content/themes/stack/style/js/isotopea741.js]
[happilyhosein.com/wp-content/themes/stack/style/js/final-countdowna741.js]
[happilyhosein.com/wp-content/themes/stack/style/js/flickitya741.js]
[happilyhosein.com/wp-content/themes/stack/style/js/granima741.js]
[happilyhosein.com/wp-content/themes/stack/style/js/smooth-scrolla741.js]
[happilyhosein.com/wp-content/themes/stack/style/js/spectragrama741.js]
[happilyhosein.com/wp-content/themes/stack/style/js/twitter-post-fetchera741.js]
[happilyhosein.com/wp-content/themes/stack/style/js/ytplayera741.js]
[happilyhosein.com/wp-content/themes/stack/style/js/easy-pie-charta741.js]
[happilyhosein.com/wp-content/themes/stack/style/js/stepsa741.js]
[happilyhosein.com/wp-content/themes/stack/style/js/lightboxa741.js]
[happilyhosein.com/wp-content/themes/stack/style/js/scripts_wpa741.js]
[happilyhosein.com/wp-content/themes/stack/style/js/scriptsa741.js]
[happilyhosein.com/wp-includes/js/wp-embed.min6e7a.js]
[happilyhosein.com/wp-content/plugins/js_composer/assets/js/dist/js_composer_front.min1eb7.js]
[happilyhosein.com/wp-content/plugins/js_composer/assets/lib/vc_waypoints/vc-waypoints.min1eb7.js]
[happilyhosein.com/index.html]
[happilyhosein.com/xmlrpc.php]
[happilyhosein.com/wp-includes/css/dist/block-library/style.min6e7a.css]
[ajax.cloudflare.com/cdn-cgi/scripts/7089c43e/cloudflare-static/rocket-loader.min.js]
[happilyhosein.com/wp-content/plugins/contact-form-7/images/ajax-loader.gif]
[happilyhosein.com/wp-content/plugins/contact-form-7/includes/css/styles58e0.css]
[happilyhosein.com/wp-content/themes/stack/style6e7a.css]
[happilyhosein.com/wp-content/themes/stack-child/stylea741.css]
[happilyhosein.com/wp-content/themes/stack/style.css]
[happilyhosein.com/wp-content/plugins/js_composer/assets/vc/alert.png]
[happilyhosein.com/wp-content/plugins/js_composer/assets/vc/info.png]
[happilyhosein.com/wp-content/plugins/js_composer/assets/vc/tick.png]
[happilyhosein.com/wp-content/plugins/js_composer/assets/vc/exclamation.png]
[happilyhosein.com/wp-content/plugins/js_composer/assets/images/icons/address-book.png]
[happilyhosein.com/wp-content/plugins/js_composer/assets/images/icons/alarm-clock.png]
[happilyhosein.com/wp-content/plugins/js_composer/assets/images/icons/anchor.png]
[happilyhosein.com/wp-content/plugins/js_composer/assets/images/icons/application-image.png]
[happilyhosein.com/wp-content/plugins/js_composer/assets/images/icons/arrow.png]
[happilyhosein.com/wp-content/plugins/js_composer/assets/images/icons/asterisk.png]
[happilyhosein.com/wp-content/plugins/js_composer/assets/images/icons/auction-hammer.png]
[happilyhosein.com/wp-content/plugins/js_composer/assets/images/icons/balloon.png]
[happilyhosein.com/wp-content/plugins/js_composer/assets/images/icons/balloon-buzz.png]
[happilyhosein.com/wp-content/plugins/js_composer/assets/images/icons/balloon-facebook.png]
[happilyhosein.com/wp-content/plugins/js_composer/assets/images/icons/balloon-twitter.png]
[happilyhosein.com/wp-content/plugins/js_composer/assets/images/icons/battery-full.png]
[happilyhosein.com/wp-content/plugins/js_composer/assets/images/icons/binocular.png]
[happilyhosein.com/wp-content/plugins/js_composer/assets/images/icons/blue-document-excel.png]
[happilyhosein.com/wp-content/plugins/js_composer/assets/images/icons/blue-document-image.png]
[happilyhosein.com/wp-content/plugins/js_composer/assets/images/icons/blue-document-music.png]
[happilyhosein.com/wp-content/plugins/js_composer/assets/images/icons/blue-document-office.png]
[happilyhosein.com/wp-content/plugins/js_composer/assets/images/icons/blue-document-pdf.png]
[happilyhosein.com/wp-content/plugins/js_composer/assets/images/icons/blue-document-powerpoint.png]
[happilyhosein.com/wp-content/plugins/js_composer/assets/images/icons/blue-document-word.png]
[happilyhosein.com/wp-content/plugins/js_composer/assets/images/icons/bookmark.png]
[happilyhosein.com/wp-content/plugins/js_composer/assets/images/icons/camcorder.png]
[happilyhosein.com/wp-content/plugins/js_composer/assets/images/icons/camera.png]
[happilyhosein.com/wp-content/plugins/js_composer/assets/images/icons/chart.png]
[happilyhosein.com/wp-content/plugins/js_composer/assets/images/icons/chart-pie.png]
[happilyhosein.com/wp-content/plugins/js_composer/assets/images/icons/clock.png]
[happilyhosein.com/wp-content/plugins/js_composer/assets/images/icons/control.png]
[happilyhosein.com/wp-content/plugins/js_composer/assets/images/icons/fire.png]
[happilyhosein.com/wp-content/plugins/js_composer/assets/images/icons/heart.png]
[happilyhosein.com/wp-content/plugins/js_composer/assets/images/icons/mail.png]
[happilyhosein.com/wp-content/plugins/js_composer/assets/images/icons/plus-shield.png]
[happilyhosein.com/wp-content/plugins/js_composer/assets/images/icons/video.png]
[happilyhosein.com/wp-content/plugins/js_composer/assets/fonts/vc_icons_v2/fonts/vcpb-plugin-iconsb82a.eot]
[happilyhosein.com/wp-content/plugins/js_composer/assets/fonts/vc_icons_v2/fonts/vcpb-plugin-iconsb82a.ttf]
[happilyhosein.com/wp-content/plugins/js_composer/assets/fonts/vc_icons_v2/fonts/vcpb-plugin-iconsb82a.woff]
[happilyhosein.com/wp-content/plugins/js_composer/assets/fonts/vc_icons_v2/fonts/vcpb-plugin-iconsb82a.svg]
[happilyhosein.com/wp-content/plugins/js_composer/assets/images/toggle_open.png]
[happilyhosein.com/wp-content/plugins/js_composer/assets/images/toggle_close.png]
[happilyhosein.com/wp-content/plugins/js_composer/assets/images/flickr.png]
[happilyhosein.com/wp-content/plugins/js_composer/assets/vc/blur.svg]
[happilyhosein.com/wp-content/plugins/js_composer/assets/fonts/vc_grid/vc_grid_v157a1.eot]
[happilyhosein.com/wp-content/plugins/js_composer/assets/fonts/vc_grid/vc_grid_v1d41d.eot]
[happilyhosein.com/wp-content/plugins/js_composer/assets/fonts/vc_grid/vc_grid_v157a1.woff]
[happilyhosein.com/wp-content/plugins/js_composer/assets/fonts/vc_grid/vc_grid_v157a1.ttf]
[happilyhosein.com/wp-content/plugins/js_composer/assets/fonts/vc_grid/vc_grid_v157a1.svg]
[happilyhosein.com/wp-content/plugins/js_composer/assets/images/spinner.gif]
[happilyhosein.com/wp-content/plugins/js_composer/assets/vc/remove.png]
[happilyhosein.com/wp-content/plugins/js_composer/assets/css/js_composer.min1eb7.css]
[happilyhosein.com/wp-content/themes/stack/style/fonts/glyphicons-halflings-regular.eot]
[happilyhosein.com/wp-content/themes/stack/style/fonts/glyphicons-halflings-regulard41d.eot]
[happilyhosein.com/wp-content/themes/stack/style/fonts/glyphicons-halflings-regular.woff]
[happilyhosein.com/wp-content/themes/stack/style/fonts/glyphicons-halflings-regular.ttf]
[happilyhosein.com/wp-content/themes/stack/style/fonts/glyphicons-halflings-regular.svg]
[happilyhosein.com/wp-content/themes/stack/style/css/bootstrapa741.css]
[happilyhosein.com/wp-content/themes/stack/style/fonts/stack-interfacea0e2.eot]
[happilyhosein.com/wp-content/themes/stack/style/fonts/stack-interfacea0e2.woff2]
[happilyhosein.com/wp-content/themes/stack/style/fonts/stack-interfacea0e2.woff]
[happilyhosein.com/wp-content/themes/stack/style/fonts/stack-interfacea0e2.ttf]
[happilyhosein.com/wp-content/themes/stack/style/fonts/stack-interfacea0e2.svg]
[happilyhosein.com/wp-content/themes/stack/style/fonts/socicon21b8.eot]
[happilyhosein.com/wp-content/themes/stack/style/fonts/socicon21b8.ttf]
[happilyhosein.com/wp-content/themes/stack/style/fonts/socicon21b8.woff]
[happilyhosein.com/wp-content/themes/stack/style/css/iconsa741.css]
[happilyhosein.com/wp-content/themes/stack/style/css/pluginsa741.css]
[happilyhosein.com/wp-content/uploads/wp-less/stack/style/css/theme-3184233f84.css]
[happilyhosein.com/wp-content/themes/stack/style/fonts/socicon21b8.svg]
[happilyhosein.com/wp-content/themes/stack/style/fonts/iconsmindd41d.eot]
[happilyhosein.com/wp-content/themes/stack/style/fonts/iconsmind.ttf]
[happilyhosein.com/wp-content/themes/stack/style/css/iconsminda741.css]
[happilyhosein.com/wp-includes/js/jquery/jquery4a5f.js]
[happilyhosein.com/wp-includes/js/jquery/jquery-migrate.min330a.js]
[happilyhosein.com/wp-content/themes/stack/style/fonts/iconsmind.woff]
[happilyhosein.com/wp-content/uploads/2020/07/Jonathan-Savanna-1024x390.png]
[happilyhosein.com/wp-content/uploads/2020/07/Jonathan-Savanna.png]
[happilyhosein.com/wp-json/oembed/1.0/embedc736.json]
[happilyhosein.com/wedding-live-stream/feed/index.html]
[happilyhosein.com/wp-json/oembed/1.0/embed13cf]
[happilyhosein.com/wp-content/uploads/2020/07/IMG_6608_Fotor-compressor-1024x683.jpg]
[happilyhosein.com/category/announcements/index.html]
[happilyhosein.com/author/jhosein/index.html]
[happilyhosein.com/wp-content/uploads/2019/10/LogoMakr_1VVvhM.png]
[happilyhosein.com/july-2nd-covid-19-update-hosein-wedding/index.html]
[happilyhosein.com/wp-content/uploads/2019/10/LogoMakr_4XvJ1x.png]
[happilyhosein.com/wedding-live-stream/index.html]
[happilyhosein.com/wp-includes/js/comment-reply.min6e7a.js]
[happilyhosein.com/wp-json/oembed/1.0/embed24cb.json]
[happilyhosein.com/wp-json/oembed/1.0/embed6427]
[happilyhosein.com/parking/index.html]
[happilyhosein.com/wp-content/plugins/js_composer/assets/lib/bower/animate-css/animate.min1eb7.css]
[happilyhosein.com/wp-content/plugins/js_composer/assets/css/lib/vc-entypo/vc_entypo.min1eb7.css]
[happilyhosein.com/wp-content/plugins/js_composer/assets/lib/bower/font-awesome/fonts/fontawesome-webfont3e6e.eot]
[happilyhosein.com/wp-content/plugins/js_composer/assets/lib/bower/font-awesome/fonts/fontawesome-webfontd41d.eot]
[happilyhosein.com/wp-content/plugins/js_composer/assets/lib/bower/font-awesome/fonts/fontawesome-webfont3e6e.woff2]
[happilyhosein.com/wp-content/plugins/js_composer/assets/lib/bower/font-awesome/fonts/fontawesome-webfont3e6e.woff]
[happilyhosein.com/wp-content/plugins/js_composer/assets/lib/bower/font-awesome/fonts/fontawesome-webfont3e6e.ttf]
[happilyhosein.com/wp-content/plugins/js_composer/assets/lib/bower/font-awesome/css/font-awesome.min1eb7.css]
[happilyhosein.com/wp-content/plugins/contact-form-7/includes/js/scripts58e0.js]
[happilyhosein.com/wp-content/themes/stack/style/js/parallaxa741.js]
[happilyhosein.com/wp-content/themes/stack/style/js/isotopea741.js]
[happilyhosein.com/wp-content/themes/stack/style/js/final-countdowna741.js]
[happilyhosein.com/wp-content/themes/stack/style/js/flickitya741.js]
[happilyhosein.com/wp-content/plugins/js_composer/assets/lib/bower/font-awesome/fonts/fontawesome-webfont3e6e.svg]
[happilyhosein.com/setColors.js]
[happilyhosein.com/eventPolyfill.js]
[happilyhosein.com/colorDiff.js]
[happilyhosein.com/hexToRgb.js]
[happilyhosein.com/setDirection.js]
[happilyhosein.com/makeGradient.js]
[happilyhosein.com/getDimensions.js]
[happilyhosein.com/animateColors.js]
[happilyhosein.com/getLightness.js]
[happilyhosein.com/refreshColors.js]
[happilyhosein.com/changeState.js]
[happilyhosein.com/pause.js]
[happilyhosein.com/play.js]
[happilyhosein.com/clear.js]
[happilyhosein.com/getCurrentColors.js]
[happilyhosein.com/pauseWhenNotInView.js]
[happilyhosein.com/onResize.js]
[happilyhosein.com/lib/Granim.js]
[happilyhosein.com/wp-content/themes/stack/style/js/granima741.js]
[happilyhosein.com/wp-content/themes/stack/style/js/smooth-scrolla741.js]
[happilyhosein.com/wp-content/themes/stack/style/js/spectragrama741.js]
[happilyhosein.com/wp-content/themes/stack/style/js/twitter-post-fetchera741.js]
[happilyhosein.com/wp-content/themes/stack/style/js/ytplayera741.js]
[happilyhosein.com/wp-content/themes/stack/style/js/easy-pie-charta741.js]
[happilyhosein.com/wp-content/themes/stack/style/js/stepsa741.js]
[happilyhosein.com/wp-content/themes/stack/style/js/lightboxa741.js]
[happilyhosein.com/wp-content/themes/stack/style/js/scripts_wpa741.js]
[happilyhosein.com/wp-content/themes/stack/style/js/scriptsa741.js]
[happilyhosein.com/wp-includes/js/wp-embed.min6e7a.js]
[apis.google.com/js/plusone.js]
[happilyhosein.com/twitter.com/index.html]
[assets.pinterest.com/js/pinit.js]
[happilyhosein.com/wp-content/plugins/js_composer/assets/js/dist/js_composer_front.min1eb7.js]
[happilyhosein.com/wp-content/plugins/js_composer/assets/lib/vc_waypoints/vc-waypoints.min1eb7.js]
[happilyhosein.com/wp-content/themes/stack/style.css]
[happilyhosein.com/wp-content/plugins/js_composer/assets/fonts/vc_icons_v2/fonts/vcpb-plugin-iconsb82a.svg]
[happilyhosein.com/wp-content/plugins/js_composer/assets/vc/blur.svg]
[happilyhosein.com/wp-content/plugins/js_composer/assets/fonts/vc_grid/vc_grid_v157a1.svg]
[happilyhosein.com/wp-content/themes/stack/style/fonts/glyphicons-halflings-regular.html]
[happilyhosein.com/wp-content/themes/stack/style/fonts/glyphicons-halflings-regulard41d.html]
[happilyhosein.com/wp-content/themes/stack/style/fonts/glyphicons-halflings-regular-2.html]
[happilyhosein.com/wp-content/themes/stack/style/fonts/glyphicons-halflings-regular-3.html]
[happilyhosein.com/wp-content/themes/stack/style/fonts/glyphicons-halflings-regular-4.html]
[happilyhosein.com/wp-content/themes/stack/style/fonts/stack-interfacea0e2.svg]
[happilyhosein.com/wp-content/themes/stack/style/fonts/socicon21b8.svg]
[happilyhosein.com/indexec4a.html]
[happilyhosein.com/category/announcements/index.html]
[happilyhosein.com/author/jhosein/index.html]
[happilyhosein.com/category/announcements/feed/index.html]
[happilyhosein.com/author/jhosein/feed/index.html]
[happilyhosein.com/wp-content/uploads/2020/07/IMG_6608_Fotor-compressor.jpg]
[happilyhosein.com/wp-json/oembed/1.0/embeda3be.json]
[happilyhosein.com/july-2nd-covid-19-update-hosein-wedding/feed/index.html]
[happilyhosein.com/wp-json/oembed/1.0/embed681c]
[happilyhosein.com/wp-content/uploads/2019/10/happilyhoseindark.png]
[happilyhosein.com/july-2nd-covid-19-update-hosein-wedding/index.html]
[happilyhosein.com/wp-includes/js/comment-reply.min6e7a.js]
[happilyhosein.com/index4ab3.html]
[happilyhosein.com/tag/corona-virus/index.html]
[happilyhosein.com/tag/covid-19/index.html]
[happilyhosein.com/wp-content/plugins/js_composer/assets/css/lib/vc-entypo/fonts/vc_entypo.eot]
[happilyhosein.com/wp-content/plugins/js_composer/assets/css/lib/vc-entypo/fonts/vc_entypod41d.eot]
[happilyhosein.com/wp-content/plugins/js_composer/assets/css/lib/vc-entypo/fonts/vc_entypo.woff]
[happilyhosein.com/wp-content/plugins/js_composer/assets/css/lib/vc-entypo/fonts/vc_entypo.ttf]
[happilyhosein.com/wp-content/plugins/js_composer/assets/css/lib/vc-entypo/vc_entypo.min1eb7.css]
[happilyhosein.com/wp-content/plugins/js_composer/assets/lib/bower/font-awesome/fonts/fontawesome-webfont3e6e.svg]
[happilyhosein.com/setColors.html]
[happilyhosein.com/eventPolyfill.html]
[happilyhosein.com/colorDiff.html]
[happilyhosein.com/hexToRgb.html]
[happilyhosein.com/setDirection.html]
[happilyhosein.com/makeGradient.html]
[happilyhosein.com/getDimensions.html]
[happilyhosein.com/animateColors.html]
[happilyhosein.com/getLightness.html]
[happilyhosein.com/refreshColors.html]
[happilyhosein.com/changeState.html]
[happilyhosein.com/pause.html]
[happilyhosein.com/play.html]
[happilyhosein.com/clear.html]
[happilyhosein.com/getCurrentColors.html]
[happilyhosein.com/pauseWhenNotInView.html]
[happilyhosein.com/onResize.html]
[happilyhosein.com/lib/Granim.html]
[happilyhosein.com/twitter.com/index.html]
[happilyhosein.com/indexe539.html]
[happilyhosein.com/tag/corona-virus/index.html]
[happilyhosein.com/tag/covid-19/index.html]
[happilyhosein.com/wp-content/plugins/js_composer/assets/css/lib/vc-entypo/fonts/vc_entypo.svg]
[happilyhosein.com/wp-content/plugins/js_composer/assets/css/lib/vc-entypo/fonts/vc_entypo.svg]
[happilyhosein.com/tag/corona-virus/feed/index.html]
[happilyhosein.com/tag/covid-19/feed/index.html]
